// Jest Snapshot v1, https://goo.gl/fbAQLP

exports[`MainItem renders correctly 1`] = `
ShallowWrapper {
  "complexSelector": ComplexSelector {
    "buildPredicate": [Function],
    "childrenOfNode": [Function],
    "findWhereUnwrapped": [Function],
  },
  "length": 1,
  "node": <View
    style={
        Object {
            "width": 116,
          }
    }
>
    <TouchableOpacity
        activeOpacity={0.2}
        focusedOpacity={0.7}
        style={
            Object {
                "alignItems": "center",
                "justifyContent": "center",
                "marginBottom": 13.28,
              }
        }
    >
        <Image
            source={1}
            style={
                Object {
                    "height": 112,
                    "width": 112,
                  }
            }
        />
        <Image
            source={1}
            style={
                Object {
                    "maxHeight": 50.88,
                    "maxWidth": 36.96,
                    "position": "absolute",
                    "resizeMode": "contain",
                    "width": 36.96,
                  }
            }
        />
    </TouchableOpacity>
    <Text
        accessible={true}
        allowFontScaling={true}
        ellipsizeMode="tail"
        style={
            Object {
                "color": "#323232",
                "fontSize": 14,
                "textAlign": "center",
              }
        }
    >
        Manage Inventory
    </Text>
</View>,
  "nodes": Array [
    <View
      style={
            Object {
                  "width": 116,
                }
      }
>
      <TouchableOpacity
            activeOpacity={0.2}
            focusedOpacity={0.7}
            style={
                  Object {
                        "alignItems": "center",
                        "justifyContent": "center",
                        "marginBottom": 13.28,
                      }
            }
      >
            <Image
                  source={1}
                  style={
                        Object {
                              "height": 112,
                              "width": 112,
                            }
                  }
            />
            <Image
                  source={1}
                  style={
                        Object {
                              "maxHeight": 50.88,
                              "maxWidth": 36.96,
                              "position": "absolute",
                              "resizeMode": "contain",
                              "width": 36.96,
                            }
                  }
            />
      </TouchableOpacity>
      <Text
            accessible={true}
            allowFontScaling={true}
            ellipsizeMode="tail"
            style={
                  Object {
                        "color": "#323232",
                        "fontSize": 14,
                        "textAlign": "center",
                      }
            }
      >
            Manage Inventory
      </Text>
</View>,
  ],
  "options": Object {
    "context": Object {
      "store": Object {
        "clearActions": [Function],
        "dispatch": [Function],
        "getActions": [Function],
        "getState": [Function],
        "replaceReducer": [Function],
        "subscribe": [Function],
      },
    },
  },
  "renderer": ReactShallowRenderer {
    "_instance": ShallowComponentWrapper {
      "_calledComponentWillUnmount": false,
      "_compositeType": 0,
      "_context": Object {
        "store": Object {
          "clearActions": [Function],
          "dispatch": [Function],
          "getActions": [Function],
          "getState": [Function],
          "replaceReducer": [Function],
          "subscribe": [Function],
        },
      },
      "_currentElement": <MainItem
        image={1}
        title="Manage Inventory"
/>,
      "_debugID": 3,
      "_hostContainerInfo": null,
      "_hostParent": null,
      "_instance": MainItem {
        "_reactInternalInstance": [Circular],
        "context": Object {},
        "props": Object {
          "image": 1,
          "title": "Manage Inventory",
        },
        "refs": Object {},
        "state": null,
        "updater": Object {
          "enqueueCallback": [Function],
          "enqueueCallbackInternal": [Function],
          "enqueueElementInternal": [Function],
          "enqueueForceUpdate": [Function],
          "enqueueReplaceState": [Function],
          "enqueueSetState": [Function],
          "isMounted": [Function],
          "validateCallback": [Function],
        },
      },
      "_mountOrder": 2,
      "_pendingCallbacks": null,
      "_pendingElement": null,
      "_pendingForceUpdate": false,
      "_pendingReplaceState": false,
      "_pendingStateQueue": null,
      "_renderedComponent": NoopInternalComponent {
        "_currentElement": <View
          style={
                    Object {
                              "width": 116,
                            }
          }
>
          <TouchableOpacity
                    activeOpacity={0.2}
                    focusedOpacity={0.7}
                    style={
                              Object {
                                        "alignItems": "center",
                                        "justifyContent": "center",
                                        "marginBottom": 13.28,
                                      }
                    }
          >
                    <Image
                              source={1}
                              style={
                                        Object {
                                                  "height": 112,
                                                  "width": 112,
                                                }
                              }
                    />
                    <Image
                              source={1}
                              style={
                                        Object {
                                                  "maxHeight": 50.88,
                                                  "maxWidth": 36.96,
                                                  "position": "absolute",
                                                  "resizeMode": "contain",
                                                  "width": 36.96,
                                                }
                              }
                    />
          </TouchableOpacity>
          <Text
                    accessible={true}
                    allowFontScaling={true}
                    ellipsizeMode="tail"
                    style={
                              Object {
                                        "color": "#323232",
                                        "fontSize": 14,
                                        "textAlign": "center",
                                      }
                    }
          >
                    Manage Inventory
          </Text>
</View>,
        "_debugID": 4,
        "_renderedOutput": <View
          style={
                    Object {
                              "width": 116,
                            }
          }
>
          <TouchableOpacity
                    activeOpacity={0.2}
                    focusedOpacity={0.7}
                    style={
                              Object {
                                        "alignItems": "center",
                                        "justifyContent": "center",
                                        "marginBottom": 13.28,
                                      }
                    }
          >
                    <Image
                              source={1}
                              style={
                                        Object {
                                                  "height": 112,
                                                  "width": 112,
                                                }
                              }
                    />
                    <Image
                              source={1}
                              style={
                                        Object {
                                                  "maxHeight": 50.88,
                                                  "maxWidth": 36.96,
                                                  "position": "absolute",
                                                  "resizeMode": "contain",
                                                  "width": 36.96,
                                                }
                              }
                    />
          </TouchableOpacity>
          <Text
                    accessible={true}
                    allowFontScaling={true}
                    ellipsizeMode="tail"
                    style={
                              Object {
                                        "color": "#323232",
                                        "fontSize": 14,
                                        "textAlign": "center",
                                      }
                    }
          >
                    Manage Inventory
          </Text>
</View>,
      },
      "_renderedNodeType": 1,
      "_rootNodeID": 0,
      "_topLevelWrapper": null,
      "_updateBatchNumber": null,
      "_warnedAboutRefsInRender": false,
    },
    "getRenderOutput": [Function],
    "render": [Function],
  },
  "root": [Circular],
  "unrendered": <MainItem
    image={1}
    title="Manage Inventory"
/>,
}
`;
