// Jest Snapshot v1, https://goo.gl/fbAQLP

exports[`ProfileSwitch renders correctly 1`] = `
ShallowWrapper {
  "complexSelector": ComplexSelector {
    "buildPredicate": [Function],
    "childrenOfNode": [Function],
    "findWhereUnwrapped": [Function],
  },
  "length": 1,
  "node": <View
    style={
        Object {
            "alignItems": "center",
            "height": 34.704,
          }
    }
>
    <View
        style={
            Object {
                "alignItems": "center",
                "backgroundColor": "#E4E4E4",
                "borderRadius": 17.352,
                "flex": 1,
                "flexDirection": "row",
                "width": 266,
              }
        }
    >
        <TouchableOpacity
            activeOpacity={0.2}
            focusedOpacity={0.7}
            onPress={[Function]}
            style={
                Object {
                    "flex": 1,
                    "width": 133,
                  }
            }
        >
            <Text
                accessible={true}
                allowFontScaling={true}
                ellipsizeMode="tail"
                style={
                    Object {
                        "backgroundColor": "transparent",
                        "fontSize": 16,
                        "textAlign": "center",
                        "width": 133,
                      }
                }
            >
                Runner
            </Text>
        </TouchableOpacity>
        <TouchableOpacity
            activeOpacity={0.2}
            focusedOpacity={0.7}
            onPress={[Function]}
            style={
                Object {
                    "flex": 1,
                    "width": 133,
                  }
            }
        >
            <Text
                accessible={true}
                allowFontScaling={true}
                ellipsizeMode="tail"
                style={
                    Object {
                        "backgroundColor": "transparent",
                        "fontSize": 16,
                        "textAlign": "center",
                        "width": 133,
                      }
                }
            >
                Driver
            </Text>
        </TouchableOpacity>
        <View
            style={
                Array [
                    Object {
                      "backgroundColor": "#000000",
                      "borderRadius": 17.352,
                      "bottom": 0,
                      "justifyContent": "center",
                      "left": 0,
                      "position": "absolute",
                      "top": 0,
                      "width": 133,
                    },
                    Object {
                      "left": 0,
                    },
                  ]
            }
        >
            <Text
                accessible={true}
                allowFontScaling={true}
                ellipsizeMode="tail"
                style={
                    Object {
                        "backgroundColor": "transparent",
                        "color": "#F4F4F4",
                        "fontSize": 16,
                        "textAlign": "center",
                      }
                }
            >
                Runner
            </Text>
        </View>
    </View>
</View>,
  "nodes": Array [
    <View
      style={
            Object {
                  "alignItems": "center",
                  "height": 34.704,
                }
      }
>
      <View
            style={
                  Object {
                        "alignItems": "center",
                        "backgroundColor": "#E4E4E4",
                        "borderRadius": 17.352,
                        "flex": 1,
                        "flexDirection": "row",
                        "width": 266,
                      }
            }
      >
            <TouchableOpacity
                  activeOpacity={0.2}
                  focusedOpacity={0.7}
                  onPress={[Function]}
                  style={
                        Object {
                              "flex": 1,
                              "width": 133,
                            }
                  }
            >
                  <Text
                        accessible={true}
                        allowFontScaling={true}
                        ellipsizeMode="tail"
                        style={
                              Object {
                                    "backgroundColor": "transparent",
                                    "fontSize": 16,
                                    "textAlign": "center",
                                    "width": 133,
                                  }
                        }
                  >
                        Runner
                  </Text>
            </TouchableOpacity>
            <TouchableOpacity
                  activeOpacity={0.2}
                  focusedOpacity={0.7}
                  onPress={[Function]}
                  style={
                        Object {
                              "flex": 1,
                              "width": 133,
                            }
                  }
            >
                  <Text
                        accessible={true}
                        allowFontScaling={true}
                        ellipsizeMode="tail"
                        style={
                              Object {
                                    "backgroundColor": "transparent",
                                    "fontSize": 16,
                                    "textAlign": "center",
                                    "width": 133,
                                  }
                        }
                  >
                        Driver
                  </Text>
            </TouchableOpacity>
            <View
                  style={
                        Array [
                              Object {
                                "backgroundColor": "#000000",
                                "borderRadius": 17.352,
                                "bottom": 0,
                                "justifyContent": "center",
                                "left": 0,
                                "position": "absolute",
                                "top": 0,
                                "width": 133,
                              },
                              Object {
                                "left": 0,
                              },
                            ]
                  }
            >
                  <Text
                        accessible={true}
                        allowFontScaling={true}
                        ellipsizeMode="tail"
                        style={
                              Object {
                                    "backgroundColor": "transparent",
                                    "color": "#F4F4F4",
                                    "fontSize": 16,
                                    "textAlign": "center",
                                  }
                        }
                  >
                        Runner
                  </Text>
            </View>
      </View>
</View>,
  ],
  "options": Object {
    "context": Object {
      "store": Object {
        "clearActions": [Function],
        "dispatch": [Function],
        "getActions": [Function],
        "getState": [Function],
        "replaceReducer": [Function],
        "subscribe": [Function],
      },
    },
  },
  "renderer": ReactShallowRenderer {
    "_instance": ShallowComponentWrapper {
      "_calledComponentWillUnmount": false,
      "_compositeType": 0,
      "_context": Object {
        "store": Object {
          "clearActions": [Function],
          "dispatch": [Function],
          "getActions": [Function],
          "getState": [Function],
          "replaceReducer": [Function],
          "subscribe": [Function],
        },
      },
      "_currentElement": <ProfileSwitch />,
      "_debugID": 3,
      "_hostContainerInfo": null,
      "_hostParent": null,
      "_instance": ProfileSwitch {
        "_reactInternalInstance": [Circular],
        "context": Object {},
        "onDriver": [Function],
        "onRunner": [Function],
        "props": Object {},
        "refs": Object {},
        "state": Object {
          "left": 0,
          "text": "Runner",
        },
        "updater": Object {
          "enqueueCallback": [Function],
          "enqueueCallbackInternal": [Function],
          "enqueueElementInternal": [Function],
          "enqueueForceUpdate": [Function],
          "enqueueReplaceState": [Function],
          "enqueueSetState": [Function],
          "isMounted": [Function],
          "validateCallback": [Function],
        },
      },
      "_mountOrder": 2,
      "_pendingCallbacks": null,
      "_pendingElement": null,
      "_pendingForceUpdate": false,
      "_pendingReplaceState": false,
      "_pendingStateQueue": null,
      "_renderedComponent": NoopInternalComponent {
        "_currentElement": <View
          style={
                    Object {
                              "alignItems": "center",
                              "height": 34.704,
                            }
          }
>
          <View
                    style={
                              Object {
                                        "alignItems": "center",
                                        "backgroundColor": "#E4E4E4",
                                        "borderRadius": 17.352,
                                        "flex": 1,
                                        "flexDirection": "row",
                                        "width": 266,
                                      }
                    }
          >
                    <TouchableOpacity
                              activeOpacity={0.2}
                              focusedOpacity={0.7}
                              onPress={[Function]}
                              style={
                                        Object {
                                                  "flex": 1,
                                                  "width": 133,
                                                }
                              }
                    >
                              <Text
                                        accessible={true}
                                        allowFontScaling={true}
                                        ellipsizeMode="tail"
                                        style={
                                                  Object {
                                                            "backgroundColor": "transparent",
                                                            "fontSize": 16,
                                                            "textAlign": "center",
                                                            "width": 133,
                                                          }
                                        }
                              >
                                        Runner
                              </Text>
                    </TouchableOpacity>
                    <TouchableOpacity
                              activeOpacity={0.2}
                              focusedOpacity={0.7}
                              onPress={[Function]}
                              style={
                                        Object {
                                                  "flex": 1,
                                                  "width": 133,
                                                }
                              }
                    >
                              <Text
                                        accessible={true}
                                        allowFontScaling={true}
                                        ellipsizeMode="tail"
                                        style={
                                                  Object {
                                                            "backgroundColor": "transparent",
                                                            "fontSize": 16,
                                                            "textAlign": "center",
                                                            "width": 133,
                                                          }
                                        }
                              >
                                        Driver
                              </Text>
                    </TouchableOpacity>
                    <View
                              style={
                                        Array [
                                                  Object {
                                                    "backgroundColor": "#000000",
                                                    "borderRadius": 17.352,
                                                    "bottom": 0,
                                                    "justifyContent": "center",
                                                    "left": 0,
                                                    "position": "absolute",
                                                    "top": 0,
                                                    "width": 133,
                                                  },
                                                  Object {
                                                    "left": 0,
                                                  },
                                                ]
                              }
                    >
                              <Text
                                        accessible={true}
                                        allowFontScaling={true}
                                        ellipsizeMode="tail"
                                        style={
                                                  Object {
                                                            "backgroundColor": "transparent",
                                                            "color": "#F4F4F4",
                                                            "fontSize": 16,
                                                            "textAlign": "center",
                                                          }
                                        }
                              >
                                        Runner
                              </Text>
                    </View>
          </View>
</View>,
        "_debugID": 4,
        "_renderedOutput": <View
          style={
                    Object {
                              "alignItems": "center",
                              "height": 34.704,
                            }
          }
>
          <View
                    style={
                              Object {
                                        "alignItems": "center",
                                        "backgroundColor": "#E4E4E4",
                                        "borderRadius": 17.352,
                                        "flex": 1,
                                        "flexDirection": "row",
                                        "width": 266,
                                      }
                    }
          >
                    <TouchableOpacity
                              activeOpacity={0.2}
                              focusedOpacity={0.7}
                              onPress={[Function]}
                              style={
                                        Object {
                                                  "flex": 1,
                                                  "width": 133,
                                                }
                              }
                    >
                              <Text
                                        accessible={true}
                                        allowFontScaling={true}
                                        ellipsizeMode="tail"
                                        style={
                                                  Object {
                                                            "backgroundColor": "transparent",
                                                            "fontSize": 16,
                                                            "textAlign": "center",
                                                            "width": 133,
                                                          }
                                        }
                              >
                                        Runner
                              </Text>
                    </TouchableOpacity>
                    <TouchableOpacity
                              activeOpacity={0.2}
                              focusedOpacity={0.7}
                              onPress={[Function]}
                              style={
                                        Object {
                                                  "flex": 1,
                                                  "width": 133,
                                                }
                              }
                    >
                              <Text
                                        accessible={true}
                                        allowFontScaling={true}
                                        ellipsizeMode="tail"
                                        style={
                                                  Object {
                                                            "backgroundColor": "transparent",
                                                            "fontSize": 16,
                                                            "textAlign": "center",
                                                            "width": 133,
                                                          }
                                        }
                              >
                                        Driver
                              </Text>
                    </TouchableOpacity>
                    <View
                              style={
                                        Array [
                                                  Object {
                                                    "backgroundColor": "#000000",
                                                    "borderRadius": 17.352,
                                                    "bottom": 0,
                                                    "justifyContent": "center",
                                                    "left": 0,
                                                    "position": "absolute",
                                                    "top": 0,
                                                    "width": 133,
                                                  },
                                                  Object {
                                                    "left": 0,
                                                  },
                                                ]
                              }
                    >
                              <Text
                                        accessible={true}
                                        allowFontScaling={true}
                                        ellipsizeMode="tail"
                                        style={
                                                  Object {
                                                            "backgroundColor": "transparent",
                                                            "color": "#F4F4F4",
                                                            "fontSize": 16,
                                                            "textAlign": "center",
                                                          }
                                        }
                              >
                                        Runner
                              </Text>
                    </View>
          </View>
</View>,
      },
      "_renderedNodeType": 1,
      "_rootNodeID": 0,
      "_topLevelWrapper": null,
      "_updateBatchNumber": null,
      "_warnedAboutRefsInRender": false,
    },
    "getRenderOutput": [Function],
    "render": [Function],
  },
  "root": [Circular],
  "unrendered": <ProfileSwitch />,
}
`;
