// Jest Snapshot v1, https://goo.gl/fbAQLP

exports[`Status renders correctly 1`] = `
ShallowWrapper {
  "complexSelector": ComplexSelector {
    "buildPredicate": [Function],
    "childrenOfNode": [Function],
    "findWhereUnwrapped": [Function],
  },
  "length": 1,
  "node": <View
    style={
        Object {
            "alignItems": "center",
            "width": 116,
          }
    }
>
    <Image
        source={1}
        style={
            Object {
                "marginBottom": 12.8,
                "maxHeight": 28,
                "maxWidth": 28,
              }
        }
    />
    <Text
        accessible={true}
        allowFontScaling={true}
        ellipsizeMode="tail"
        style={
            Object {
                "color": "#cccccc",
                "fontSize": 13.296,
                "marginBottom": 3.2,
                "textAlign": "center",
              }
        }
    >
        Races
    </Text>
    <Text
        accessible={true}
        allowFontScaling={true}
        ellipsizeMode="tail"
        style={
            Object {
                "color": "#323232",
                "fontSize": 16,
                "textAlign": "center",
              }
        }
    >
        213
    </Text>
</View>,
  "nodes": Array [
    <View
      style={
            Object {
                  "alignItems": "center",
                  "width": 116,
                }
      }
>
      <Image
            source={1}
            style={
                  Object {
                        "marginBottom": 12.8,
                        "maxHeight": 28,
                        "maxWidth": 28,
                      }
            }
      />
      <Text
            accessible={true}
            allowFontScaling={true}
            ellipsizeMode="tail"
            style={
                  Object {
                        "color": "#cccccc",
                        "fontSize": 13.296,
                        "marginBottom": 3.2,
                        "textAlign": "center",
                      }
            }
      >
            Races
      </Text>
      <Text
            accessible={true}
            allowFontScaling={true}
            ellipsizeMode="tail"
            style={
                  Object {
                        "color": "#323232",
                        "fontSize": 16,
                        "textAlign": "center",
                      }
            }
      >
            213
      </Text>
</View>,
  ],
  "options": Object {
    "context": Object {
      "store": Object {
        "clearActions": [Function],
        "dispatch": [Function],
        "getActions": [Function],
        "getState": [Function],
        "replaceReducer": [Function],
        "subscribe": [Function],
      },
    },
  },
  "renderer": ReactShallowRenderer {
    "_instance": ShallowComponentWrapper {
      "_calledComponentWillUnmount": false,
      "_compositeType": 0,
      "_context": Object {
        "store": Object {
          "clearActions": [Function],
          "dispatch": [Function],
          "getActions": [Function],
          "getState": [Function],
          "replaceReducer": [Function],
          "subscribe": [Function],
        },
      },
      "_currentElement": <Status
        description="213"
        image={1}
        title="Races"
/>,
      "_debugID": 3,
      "_hostContainerInfo": null,
      "_hostParent": null,
      "_instance": Status {
        "_reactInternalInstance": [Circular],
        "context": Object {},
        "props": Object {
          "description": "213",
          "image": 1,
          "title": "Races",
        },
        "refs": Object {},
        "state": null,
        "updater": Object {
          "enqueueCallback": [Function],
          "enqueueCallbackInternal": [Function],
          "enqueueElementInternal": [Function],
          "enqueueForceUpdate": [Function],
          "enqueueReplaceState": [Function],
          "enqueueSetState": [Function],
          "isMounted": [Function],
          "validateCallback": [Function],
        },
      },
      "_mountOrder": 2,
      "_pendingCallbacks": null,
      "_pendingElement": null,
      "_pendingForceUpdate": false,
      "_pendingReplaceState": false,
      "_pendingStateQueue": null,
      "_renderedComponent": NoopInternalComponent {
        "_currentElement": <View
          style={
                    Object {
                              "alignItems": "center",
                              "width": 116,
                            }
          }
>
          <Image
                    source={1}
                    style={
                              Object {
                                        "marginBottom": 12.8,
                                        "maxHeight": 28,
                                        "maxWidth": 28,
                                      }
                    }
          />
          <Text
                    accessible={true}
                    allowFontScaling={true}
                    ellipsizeMode="tail"
                    style={
                              Object {
                                        "color": "#cccccc",
                                        "fontSize": 13.296,
                                        "marginBottom": 3.2,
                                        "textAlign": "center",
                                      }
                    }
          >
                    Races
          </Text>
          <Text
                    accessible={true}
                    allowFontScaling={true}
                    ellipsizeMode="tail"
                    style={
                              Object {
                                        "color": "#323232",
                                        "fontSize": 16,
                                        "textAlign": "center",
                                      }
                    }
          >
                    213
          </Text>
</View>,
        "_debugID": 4,
        "_renderedOutput": <View
          style={
                    Object {
                              "alignItems": "center",
                              "width": 116,
                            }
          }
>
          <Image
                    source={1}
                    style={
                              Object {
                                        "marginBottom": 12.8,
                                        "maxHeight": 28,
                                        "maxWidth": 28,
                                      }
                    }
          />
          <Text
                    accessible={true}
                    allowFontScaling={true}
                    ellipsizeMode="tail"
                    style={
                              Object {
                                        "color": "#cccccc",
                                        "fontSize": 13.296,
                                        "marginBottom": 3.2,
                                        "textAlign": "center",
                                      }
                    }
          >
                    Races
          </Text>
          <Text
                    accessible={true}
                    allowFontScaling={true}
                    ellipsizeMode="tail"
                    style={
                              Object {
                                        "color": "#323232",
                                        "fontSize": 16,
                                        "textAlign": "center",
                                      }
                    }
          >
                    213
          </Text>
</View>,
      },
      "_renderedNodeType": 1,
      "_rootNodeID": 0,
      "_topLevelWrapper": null,
      "_updateBatchNumber": null,
      "_warnedAboutRefsInRender": false,
    },
    "getRenderOutput": [Function],
    "render": [Function],
  },
  "root": [Circular],
  "unrendered": <Status
    description="213"
    image={1}
    title="Races"
/>,
}
`;
