// Jest Snapshot v1, https://goo.gl/fbAQLP

exports[`ManageInventoryScreen renders correctly 1`] = `
ShallowWrapper {
  "complexSelector": ComplexSelector {
    "buildPredicate": [Function],
    "childrenOfNode": [Function],
    "findWhereUnwrapped": [Function],
  },
  "length": 1,
  "node": <View
    style={
        Object {
            "backgroundColor": "#fff",
            "flex": 1,
          }
    }
>
    <Text
        accessible={true}
        allowFontScaling={true}
        ellipsizeMode="tail"
    >
        ManageInventoryScreen
    </Text>
</View>,
  "nodes": Array [
    <View
      style={
            Object {
                  "backgroundColor": "#fff",
                  "flex": 1,
                }
      }
>
      <Text
            accessible={true}
            allowFontScaling={true}
            ellipsizeMode="tail"
      >
            ManageInventoryScreen
      </Text>
</View>,
  ],
  "options": Object {
    "context": Object {
      "store": Object {
        "clearActions": [Function],
        "dispatch": [Function],
        "getActions": [Function],
        "getState": [Function],
        "replaceReducer": [Function],
        "subscribe": [Function],
      },
    },
  },
  "renderer": ReactShallowRenderer {
    "_instance": ShallowComponentWrapper {
      "_calledComponentWillUnmount": false,
      "_compositeType": 0,
      "_context": Object {
        "store": Object {
          "clearActions": [Function],
          "dispatch": [Function],
          "getActions": [Function],
          "getState": [Function],
          "replaceReducer": [Function],
          "subscribe": [Function],
        },
      },
      "_currentElement": <ManageInventoryScreen
        dispatch={[Function]}
/>,
      "_debugID": 3,
      "_hostContainerInfo": null,
      "_hostParent": null,
      "_instance": ManageInventoryScreen {
        "_reactInternalInstance": [Circular],
        "context": Object {},
        "props": Object {
          "dispatch": [Function],
        },
        "refs": Object {},
        "state": null,
        "updater": Object {
          "enqueueCallback": [Function],
          "enqueueCallbackInternal": [Function],
          "enqueueElementInternal": [Function],
          "enqueueForceUpdate": [Function],
          "enqueueReplaceState": [Function],
          "enqueueSetState": [Function],
          "isMounted": [Function],
          "validateCallback": [Function],
        },
      },
      "_mountOrder": 2,
      "_pendingCallbacks": null,
      "_pendingElement": null,
      "_pendingForceUpdate": false,
      "_pendingReplaceState": false,
      "_pendingStateQueue": null,
      "_renderedComponent": NoopInternalComponent {
        "_currentElement": <View
          style={
                    Object {
                              "backgroundColor": "#fff",
                              "flex": 1,
                            }
          }
>
          <Text
                    accessible={true}
                    allowFontScaling={true}
                    ellipsizeMode="tail"
          >
                    ManageInventoryScreen
          </Text>
</View>,
        "_debugID": 4,
        "_renderedOutput": <View
          style={
                    Object {
                              "backgroundColor": "#fff",
                              "flex": 1,
                            }
          }
>
          <Text
                    accessible={true}
                    allowFontScaling={true}
                    ellipsizeMode="tail"
          >
                    ManageInventoryScreen
          </Text>
</View>,
      },
      "_renderedNodeType": 1,
      "_rootNodeID": 0,
      "_topLevelWrapper": null,
      "_updateBatchNumber": null,
      "_warnedAboutRefsInRender": false,
    },
    "getRenderOutput": [Function],
    "render": [Function],
  },
  "root": [Circular],
  "unrendered": <ManageInventoryScreen
    dispatch={[Function]}
/>,
}
`;
